// Jest Snapshot v1, https://goo.gl/fbAQLP

exports[`Test my suggestions------------ Test each suggestion 1`] = `
<div
  className="suggestions"
  style={
    Object {
      "display": "none",
    }
  }
/>
`;
