// Jest Snapshot v1, https://goo.gl/fbAQLP

exports[`[object Object] 1`] = `
<div
  className="login-container"
>
  <div
    className="login-wrapper"
  >
    <h1
      className="login header"
    >
      Login
    </h1>
    <label
      className="form-label"
    >
      Username
    </label>
    <input
      className="login-input"
      onChange={undefined}
      type="text"
      value={undefined}
    />
    <label
      className="form-label"
    >
      Password
    </label>
    <input
      className="login-input"
      onChange={undefined}
      type="password"
      value={undefined}
    />
    <label
      className="form-label"
    >
      Don't have a Account?
    </label>
    <button
      className="btn"
    >
      Login
    </button>
  </div>
</div>
`;
