// Jest Snapshot v1, https://goo.gl/fbAQLP

exports[` 1`] = `
<div
  className="form container"
>
  <div
    className="form-wrapper"
  >
    <h1
      className="header"
    >
      Register
    </h1>
    <div>
      <label
        className="form-label"
      >
        Username
      </label>
      <input
        onChange={undefined}
        type="text"
        value={undefined}
      />
    </div>
    <div>
      <label
        className="form-label"
      >
        Name
      </label>
      <input
        onChange={undefined}
        type="text"
        value={undefined}
      />
    </div>
    <div>
      <label
        className="form-label"
      >
        Email
      </label>
      <input
        onChange={undefined}
        type="text"
        value={undefined}
      />
    </div>
    <div>
      <label
        className="form-label"
      >
        Password
      </label>
      <input
        onChange={undefined}
        type="password"
        value={undefined}
      />
    </div>
    <div>
      <label
        className="form-label"
      >
        Programming Experience
      </label>
      <input
        onChange={undefined}
        type="text"
        value={undefined}
      />
    </div>
    <div>
      <label
        className="form-label"
      >
        Phone Number
      </label>
      <input
        onChange={undefined}
        type="number"
        value={undefined}
      />
    </div>
    <div>
      <label
        className="form-label"
      >
        Education Completed
      </label>
      <select
        onChange={undefined}
        value={undefined}
      >
        <option
          selected={true}
          value=""
        />
        <option
          value="Some High School"
        >
          Some High School
        </option>
        <option
          value="High School or GED"
        >
          High School or GED
        </option>
        <option
          value="Some College"
        >
          Some College
        </option>
        <option
          value="AS"
        >
          AS
        </option>
        <option
          value="BS"
        >
          BS
        </option>
        <option
          value="MS"
        >
          MS
        </option>
        <option
          value="PHD"
        >
          PHD
        </option>
      </select>
    </div>
    <button
      className="btn"
      onClick={undefined}
    >
      Register
    </button>
  </div>
</div>
`;

exports[`Check if the component renders correctly Test if component matches snapshot 1`] = `
<div
  className="form container"
>
  <div
    className="form-wrapper"
  >
    <h1
      className="header"
    >
      Register
    </h1>
    <div>
      <label
        className="form-label"
      >
        Username
      </label>
      <input
        onChange={undefined}
        type="text"
        value={undefined}
      />
    </div>
    <div>
      <label
        className="form-label"
      >
        Name
      </label>
      <input
        onChange={undefined}
        type="text"
        value={undefined}
      />
    </div>
    <div>
      <label
        className="form-label"
      >
        Email
      </label>
      <input
        onChange={undefined}
        type="text"
        value={undefined}
      />
    </div>
    <div>
      <label
        className="form-label"
      >
        Password
      </label>
      <input
        onChange={undefined}
        type="password"
        value={undefined}
      />
    </div>
    <div>
      <label
        className="form-label"
      >
        Programming Experience
      </label>
      <input
        onChange={undefined}
        type="text"
        value={undefined}
      />
    </div>
    <div>
      <label
        className="form-label"
      >
        Phone Number
      </label>
      <input
        onChange={undefined}
        type="number"
        value={undefined}
      />
    </div>
    <div>
      <label
        className="form-label"
      >
        Education Completed
      </label>
      <select
        onChange={undefined}
        value={undefined}
      >
        <option
          selected={true}
          value=""
        />
        <option
          value="Some High School"
        >
          Some High School
        </option>
        <option
          value="High School or GED"
        >
          High School or GED
        </option>
        <option
          value="Some College"
        >
          Some College
        </option>
        <option
          value="AS"
        >
          AS
        </option>
        <option
          value="BS"
        >
          BS
        </option>
        <option
          value="MS"
        >
          MS
        </option>
        <option
          value="PHD"
        >
          PHD
        </option>
      </select>
    </div>
    <button
      className="btn"
      onClick={undefined}
    >
      Register
    </button>
  </div>
</div>
`;
