// Jest Snapshot v1, https://goo.gl/fbAQLP

exports[`Test if it renders correctly Test if it renders correctly 1`] = `
<div>
  Comment
</div>
`;
