// Jest Snapshot v1, https://goo.gl/fbAQLP

exports[`Check if the component renders correctly Check if component renders correctly! 1`] = `
<div>
  Topic
</div>
`;
