// Jest Snapshot v1, https://goo.gl/fbAQLP

exports[`Check if component renders correctly Check if the component renders correctly 1`] = `
<div>
  <div />
</div>
`;
